../Core/Src/main.c:90:5:main	8	static
../Core/Src/main.c:144:6:SystemClock_Config	88	static
../Core/Src/main.c:186:13:MX_USART2_UART_Init	8	static
../Core/Src/main.c:222:13:MX_USART3_UART_Init	8	static
../Core/Src/main.c:257:13:MX_GPIO_Init	16	static
../Core/Src/main.c:267:6:HAL_UART_RxCpltCallback	24	static
../Core/Src/main.c:284:5:EstimatePeopleCount	72	static
../Core/Src/main.c:305:13:peopleTest	24	static
../Core/Src/main.c:315:6:MPU_Config	24	static
../Core/Src/main.c:346:6:Error_Handler	4	static,ignoring_inline_asm
